// Jest Snapshot v1, https://goo.gl/fbAQLP

exports[`<DeliveryBankBlock /> should check a snapshot 1`] = `
<Context.Provider
  value={
    {
      "getServerState": undefined,
      "store": {
        "clearActions": [Function],
        "dispatch": [Function],
        "getActions": [Function],
        "getState": [Function],
        "replaceReducer": [Function],
        "subscribe": [Function],
      },
      "subscription": {
        "addNestedSub": [Function],
        "getListeners": [Function],
        "handleChangeWrapper": [Function],
        "isSubscribed": [Function],
        "notifyNestedSubs": [Function],
        "trySubscribe": [Function],
        "tryUnsubscribe": [Function],
      },
    }
  }
>
  <Formik
    initialValues={
      {
        "bankCity": "something",
      }
    }
    onSubmit={[MockFunction]}
  >
    <DeliveryBankBlock
      bankBranchIdError=""
      bankCityError=""
      setFieldValue={[MockFunction]}
    />
  </Formik>
</Context.Provider>
`;
