// Jest Snapshot v1, https://goo.gl/fbAQLP

exports[`<FormInputBox /> should check default props 1`] = `
<Context.Provider
  value={
    {
      "dirty": false,
      "errors": {},
      "getFieldHelpers": [Function],
      "getFieldMeta": [Function],
      "getFieldProps": [Function],
      "handleBlur": [Function],
      "handleChange": [Function],
      "handleReset": [Function],
      "handleSubmit": [Function],
      "initialErrors": {},
      "initialStatus": undefined,
      "initialTouched": {},
      "initialValues": {
        "amount": "",
      },
      "isSubmitting": false,
      "isValid": true,
      "isValidating": false,
      "registerField": [Function],
      "resetForm": [Function],
      "setErrors": [Function],
      "setFieldError": [Function],
      "setFieldTouched": [Function],
      "setFieldValue": [Function],
      "setFormikState": [Function],
      "setStatus": [Function],
      "setSubmitting": [Function],
      "setTouched": [Function],
      "setValues": [Function],
      "status": undefined,
      "submitCount": 0,
      "submitForm": [Function],
      "touched": {},
      "unregisterField": [Function],
      "validateField": [Function],
      "validateForm": [Function],
      "validateOnBlur": true,
      "validateOnChange": true,
      "validateOnMount": false,
      "values": {
        "amount": "",
      },
    }
  }
>
  <FormInputBox
    name="amount"
  />
</Context.Provider>
`;
