// Jest Snapshot v1, https://goo.gl/fbAQLP

exports[`<Switcher /> should make a snapshot of component 1`] = `
<div
  className="switcher"
>
  <Styled(ForwardRef(Switch))
    inputProps={
      {
        "aria-label": "primary checkbox",
      }
    }
  />
</div>
`;
