// Jest Snapshot v1, https://goo.gl/fbAQLP

exports[`<AcceptTerms /> should match the snapshot 1`] = `ShallowWrapper {}`;
