// Jest Snapshot v1, https://goo.gl/fbAQLP

exports[`<Loader /> should make a snapshot 1`] = `
<ForwardRef(Backdrop)
  open={true}
  sx={
    {
      "color": "white_1",
      "zIndex": [Function],
    }
  }
>
  <ForwardRef(CircularProgress)
    color="inherit"
  />
</ForwardRef(Backdrop)>
`;
