// Jest Snapshot v1, https://goo.gl/fbAQLP

exports[`<CityContainer /> should make a snapshot 1`] = `
<div
  className="container"
>
  <div
    className="cityContainer"
  >
    <LocationIcon
      className="icon"
      color="black"
      size="20px"
    />
    <span
      className="city"
      onClick={[Function]}
      role="presentation"
    >
      Mexico
    </span>
  </div>
  <div
    className="cityContainer"
  >
    <LocationIcon
      className="icon"
      color="black"
      size="20px"
    />
    <span
      className="city"
      onClick={[Function]}
      role="presentation"
    >
      Roma
    </span>
  </div>
</div>
`;
