// Jest Snapshot v1, https://goo.gl/fbAQLP

exports[`<ResetFormsConfirmModal /> should make a snapshot of the component 1`] = `
<Modal
  handleClose={[MockFunction]}
  isOpen={true}
>
  <div
    className="modalContentWrapper"
  >
    <CloseButton
      className="closeButton"
      onClick={[MockFunction]}
      size="medium"
    />
    <ExclamationMarkIcon />
    <div
      className="textWrapper"
    >
      <p
        className="text"
      >
        resetFormsModalContent
      </p>
    </div>
    <div
      className="buttonsWrapper"
    >
      <SecondaryButton
        className="button"
        onClick={[MockFunction]}
        size="small"
      >
        buttonNames.leave
      </SecondaryButton>
      <PrimaryButton
        className="button"
        onClick={[MockFunction]}
        size="small"
      >
        buttonNames.cancel
      </PrimaryButton>
    </div>
  </div>
</Modal>
`;
