// Jest Snapshot v1, https://goo.gl/fbAQLP

exports[`<CardProductsInner /> should make a snapshot component 1`] = `ShallowWrapper {}`;
