// Jest Snapshot v1, https://goo.gl/fbAQLP

exports[`<CardProducts /> should make a snapshot of the component 1`] = `
<Context.Provider
  value={
    {
      "getServerState": undefined,
      "store": {
        "clearActions": [Function],
        "dispatch": [Function],
        "getActions": [Function],
        "getState": [Function],
        "replaceReducer": [Function],
        "subscribe": [Function],
      },
      "subscription": {
        "addNestedSub": [Function],
        "getListeners": [Function],
        "handleChangeWrapper": [Function],
        "isSubscribed": [Function],
        "notifyNestedSubs": [Function],
        "trySubscribe": [Function],
        "tryUnsubscribe": [Function],
      },
    }
  }
>
  <CardProducts />
</Context.Provider>
`;
